111.222.333.124 HOME - [01/Feb/1998:01:08:39 -0800] "GET /bannerad/ad.htm HTTP/1.0" 200 198 "http://www.referrer.com/bannerad/ba_intro.htm" "Mozilla/4.01 (Macintosh; I; PPC)"
111.222.333.124 HOME - [01/Feb/1998:01:08:39 -0800] "GET /bannerad/ad.htm HTTP/1.0" 200 198 "http://www.referrer.com/bannerad/ba_intro.htm" "Mozilla/4.01 (Macintosh; I; PPC)"
111.222.333.123 HOME - [01/Feb/1998:01:08:46 -0800] "GET /bannerad/ad.htm HTTP/1.0" 200 28083 "http://www.referrer.com/bannerad/ba_intro.htm" "Mozilla/4.01 (Macintosh; I; PPC)"
111.222.333.123 AWAY - [01/Feb/1998:01:08:53 -0800] "GET /bannerad/ad7.gif HTTP/1.0" 200 9332 "http://www.referrer.com/bannerad/ba_ad.htm" "Mozilla/4.01 (Macintosh; I; PPC)"
111.222.333.123 AWAY - [01/Feb/1998:01:09:14 -0800] "GET /bannerad/click.htm HTTP/1.0" 200 207 "http://www.referrer.com/bannerad/menu.htm" "Mozilla/4.01 (Macintosh; I; PPC)"
83.149.9.216 - - [17/May/2015:10:05:03 +0000] "GET /presentations/logstash-monitorama-2013/images/kibana-search.png HTTP/1.1" 200 203023 "http://semicomplete.com/presentations/logstash-monitorama-2013/" "Mozilla/5.0 (Macintosh; Intel Mac OS X 10_9_1) AppleWebKit/537.36 (KHTML, like Gecko) Chrome/32.0.1700.77 Safari/537.36"
83.149.9.216 - - [17/May/2015:10:05:43 +0000] "GET /presentations/logstash-monitorama-2013/images/kibana-dashboard3.png HTTP/1.1" 200 171717 "http://semicomplete.com/presentations/logstash-monitorama-2013/" "Mozilla/5.0 (Macintosh; Intel Mac OS X 10_9_1) AppleWebKit/537.36 (KHTML, like Gecko) Chrome/32.0.1700.77 Safari/537.36"
83.149.9.216 - - [17/May/2015:10:05:47 +0000] "GET /presentations/logstash-monitorama-2013/plugin/highlight/highlight.js HTTP/1.1" 200 26185 "http://semicomplete.com/presentations/logstash-monitorama-2013/" "Mozilla/5.0 (Macintosh; Intel Mac OS X 10_9_1) AppleWebKit/537.36 (KHTML, like Gecko) Chrome/32.0.1700.77 Safari/537.36"
83.149.9.216 - - [17/May/2015:10:05:12 +0000] "GET /presentations/logstash-monitorama-2013/plugin/zoom-js/zoom.js HTTP/1.1" 200 7697 "http://semicomplete.com/presentations/logstash-monitorama-2013/" "Mozilla/5.0 (Macintosh; Intel Mac OS X 10_9_1) AppleWebKit/537.36 (KHTML, like Gecko) Chrome/32.0.1700.77 Safari/537.36"
83.149.9.216 - - [17/May/2015:10:05:07 +0000] "GET /presentations/logstash-monitorama-2013/plugin/notes/notes.js HTTP/1.1" 200 2892 "http://semicomplete.com/presentations/logstash-monitorama-2013/" "Mozilla/5.0 (Macintosh; Intel Mac OS X 10_9_1) AppleWebKit/537.36 (KHTML, like Gecko) Chrome/32.0.1700.77 Safari/537.36"
83.149.9.216 - - [17/May/2015:10:05:34 +0000] "GET /presentations/logstash-monitorama-2013/images/sad-medic.png HTTP/1.1" 200 430406 "http://semicomplete.com/presentations/logstash-monitorama-2013/" "Mozilla/5.0 (Macintosh; Intel Mac OS X 10_9_1) AppleWebKit/537.36 (KHTML, like Gecko) Chrome/32.0.1700.77 Safari/537.36"
83.149.9.216 - - [17/May/2015:10:05:57 +0000] "GET /presentations/logstash-monitorama-2013/css/fonts/Roboto-Bold.ttf HTTP/1.1" 200 38720 "http://semicomplete.com/presentations/logstash-monitorama-2013/" "Mozilla/5.0 (Macintosh; Intel Mac OS X 10_9_1) AppleWebKit/537.36 (KHTML, like Gecko) Chrome/32.0.1700.77 Safari/537.36"
83.149.9.216 - - [17/May/2015:10:05:50 +0000] "GET /presentations/logstash-monitorama-2013/css/fonts/Roboto-Regular.ttf HTTP/1.1" 200 41820 "http://semicomplete.com/presentations/logstash-monitorama-2013/" "Mozilla/5.0 (Macintosh; Intel Mac OS X 10_9_1) AppleWebKit/537.36 (KHTML, like Gecko) Chrome/32.0.1700.77 Safari/537.36"
83.149.9.216 - - [17/May/2015:10:05:24 +0000] "GET /presentations/logstash-monitorama-2013/images/frontend-response-codes.png HTTP/1.1" 200 52878 "http://semicomplete.com/presentations/logstash-monitorama-2013/" "Mozilla/5.0 (Macintosh; Intel Mac OS X 10_9_1) AppleWebKit/537.36 (KHTML, like Gecko) Chrome/32.0.1700.77 Safari/537.36"
83.149.9.216 - - [17/May/2015:10:05:50 +0000] "GET /presentations/logstash-monitorama-2013/images/kibana-dashboard.png HTTP/1.1" 200 321631 "http://semicomplete.com/presentations/logstash-monitorama-2013/" "Mozilla/5.0 (Macintosh; Intel Mac OS X 10_9_1) AppleWebKit/537.36 (KHTML, like Gecko) Chrome/32.0.1700.77 Safari/537.36"
83.149.9.216 - - [17/May/2015:10:05:46 +0000] "GET /presentations/logstash-monitorama-2013/images/Dreamhost_logo.svg HTTP/1.1" 200 2126 "http://semicomplete.com/presentations/logstash-monitorama-2013/" "Mozilla/5.0 (Macintosh; Intel Mac OS X 10_9_1) AppleWebKit/537.36 (KHTML, like Gecko) Chrome/32.0.1700.77 Safari/537.36"
83.161.149.61 - - [17/May/2015:20:05:53 +0000] "GET /favicon.ico HTTP/1.1" 200 3638 "-" "Mozilla/5.0 (Windows NT 6.1; WOW64) AppleWebKit/537.36 (KHTML, like Gecko) Chrome/32.0.1700.107 Safari/537.36"
188.122.8.79 - - [17/May/2015:20:05:59 +0000] "GET /files/xdotool/docs HTTP/1.1" 301 341 "http://www.semicomplete.com/projects/xdotool/" "Mozilla/5.0 (X11; Linux x86_64; rv:26.0) Gecko/20100101 Firefox/26.0"
188.122.8.79 - - [17/May/2015:20:05:19 +0000] "GET /files/xdotool/docs/ HTTP/1.1" 200 1328 "http://www.semicomplete.com/projects/xdotool/" "Mozilla/5.0 (X11; Linux x86_64; rv:26.0) Gecko/20100101 Firefox/26.0"
188.122.8.79 - - [17/May/2015:20:05:11 +0000] "GET /icons/blank.gif HTTP/1.1" 200 148 "http://www.semicomplete.com/files/xdotool/docs/" "Mozilla/5.0 (X11; Linux x86_64; rv:26.0) Gecko/20100101 Firefox/26.0"
188.122.8.79 - - [17/May/2015:20:05:38 +0000] "GET /icons/back.gif HTTP/1.1" 200 216 "http://www.semicomplete.com/files/xdotool/docs/" "Mozilla/5.0 (X11; Linux x86_64; rv:26.0) Gecko/20100101 Firefox/26.0"
188.122.8.79 - - [17/May/2015:20:05:58 +0000] "GET /icons/folder.gif HTTP/1.1" 200 225 "http://www.semicomplete.com/files/xdotool/docs/" "Mozilla/5.0 (X11; Linux x86_64; rv:26.0) Gecko/20100101 Firefox/26.0"
98.115.54.224 - - [17/May/2015:20:05:12 +0000] "GET /presentations/logstash-scale11x/images/ahhh___rage_face_by_samusmmx-d5g5zap.png HTTP/1.1" 200 175208 "-" "Mozilla/5.0 (Windows NT 6.1; WOW64; rv:27.0) Gecko/20100101 Firefox/27.0"
67.61.65.249 - - [17/May/2015:20:05:08 +0000] "GET /presentations/logstash-scale11x/ HTTP/1.1" 200 54239 "https://www.google.com/" "Mozilla/5.0 (Windows NT 6.1; WOW64) AppleWebKit/537.36 (KHTML, like Gecko) Chrome/32.0.1700.107 Safari/537.36"
67.61.65.249 - - [17/May/2015:20:05:26 +0000] "GET /presentations/logstash-scale11x/css/reveal.min.css HTTP/1.1" 200 23581 "http://semicomplete.com/presentations/logstash-scale11x/" "Mozilla/5.0 (Windows NT 6.1; WOW64) AppleWebKit/537.36 (KHTML, like Gecko) Chrome/32.0.1700.107 Safari/537.36"
67.61.65.249 - - [17/May/2015:20:05:20 +0000] "GET /presentations/logstash-scale11x/css/theme/night-jls.css HTTP/1.1" 200 3811 "http://semicomplete.com/presentations/logstash-scale11x/" "Mozilla/5.0 (Windows NT 6.1; WOW64) AppleWebKit/537.36 (KHTML, like Gecko) Chrome/32.0.1700.107 Safari/537.36"
67.61.65.249 - - [17/May/2015:20:05:24 +0000] "GET /presentations/logstash-scale11x/css/extra.css HTTP/1.1" 200 1395 "http://semicomplete.com/presentations/logstash-scale11x/" "Mozilla/5.0 (Windows NT 6.1; WOW64) AppleWebKit/537.36 (KHTML, like Gecko) Chrome/32.0.1700.107 Safari/537.36"
67.61.65.249 - - [17/May/2015:20:05:07 +0000] "GET /presentations/logstash-scale11x/lib/css/zenburn.css HTTP/1.1" 200 1791 "http://semicomplete.com/presentations/logstash-scale11x/" "Mozilla/5.0 (Windows NT 6.1; WOW64) AppleWebKit/537.36 (KHTML, like Gecko) Chrome/32.0.1700.107 Safari/537.36"
67.61.65.249 - - [17/May/2015:20:05:47 +0000] "GET /presentations/logstash-scale11x/lib/js/head.min.js HTTP/1.1" 200 3170 "http://semicomplete.com/presentations/logstash-scale11x/" "Mozilla/5.0 (Windows NT 6.1; WOW64) AppleWebKit/537.36 (KHTML, like Gecko) Chrome/32.0.1700.107 Safari/537.36"
173.192.238.41 - - [20/May/2015:20:05:26 +0000] "GET /blog HTTP/1.1" 200 37936 "-" "Mozilla/5.0 (X11; U; Linux x86_64; en-US; rv:1.9.0.19; aggregator:Spinn3r (Spinn3r 3.1); http://spinn3r.com/robot) Gecko/2010040121 Firefox/3.0.19"
212.180.233.101 - - [20/May/2015:20:05:00 +0000] "GET /articles/dynamic-dns-with-dhcp/ HTTP/1.1" 200 18848 "-" "Mozilla/5.0 (X11; Linux x86_64; rv:27.0) Gecko/20100101 Firefox/27.0"
212.180.233.101 - - [20/May/2015:20:05:25 +0000] "GET /reset.css HTTP/1.1" 200 1015 "http://www.semicomplete.com/articles/dynamic-dns-with-dhcp/" "Mozilla/5.0 (X11; Linux x86_64; rv:27.0) Gecko/20100101 Firefox/27.0"
212.180.233.101 - - [20/May/2015:20:05:37 +0000] "GET /style2.css HTTP/1.1" 200 4877 "http://www.semicomplete.com/articles/dynamic-dns-with-dhcp/" "Mozilla/5.0 (X11; Linux x86_64; rv:27.0) Gecko/20100101 Firefox/27.0"
212.180.233.101 - - [20/May/2015:20:05:44 +0000] "GET /favicon.ico HTTP/1.1" 200 3638 "-" "Mozilla/5.0 (X11; Linux x86_64; rv:27.0) Gecko/20100101 Firefox/27.0"
212.180.233.101 - - [20/May/2015:20:05:39 +0000] "GET /images/jordan-80.png HTTP/1.1" 200 6146 "http://www.semicomplete.com/articles/dynamic-dns-with-dhcp/" "Mozilla/5.0 (X11; Linux x86_64; rv:27.0) Gecko/20100101 Firefox/27.0"
212.180.233.101 - - [20/May/2015:20:05:52 +0000] "GET /images/web/2009/banner.png HTTP/1.1" 200 52315 "http://www.semicomplete.com/style2.css" "Mozilla/5.0 (X11; Linux x86_64; rv:27.0) Gecko/20100101 Firefox/27.0"
208.93.0.48 - - [20/May/2015:20:05:37 +0000] "GET /?flav=atom HTTP/1.1" 200 32352 "-" "LiveJournal.com (webmaster@livejournal.com; for http://www.livejournal.com/users/semicomplete_rs/; 1 readers)"
66.249.73.135 - - [20/May/2015:20:05:57 +0000] "GET /blog/tags/xdotool HTTP/1.1" 200 44297 "-" "Mozilla/5.0 (iPhone; CPU iPhone OS 6_0 like Mac OS X) AppleWebKit/536.26 (KHTML, like Gecko) Version/6.0 Mobile/10A5376e Safari/8536.25 (compatible; Googlebot/2.1; +http://www.google.com/bot.html)"
109.163.234.2 - - [20/May/2015:20:05:14 +0000] "GET /articles/ssh-security/ HTTP/1.1" 200 16543 "-" "Mozilla/5.0 (Windows; U; Windows NT 5.1; en-US; rv:1.8.1.1pre) Gecko/20061122 BonEcho/2.0.0.1pre"
38.99.236.50 - - [20/May/2015:21:05:55 +0000] "GET /presentations/logstash-puppetconf-2012/js/reveal.js HTTP/1.1" 200 29108 "http://semicomplete.com/presentations/logstash-puppetconf-2012/" "Mozilla/5.0 (Windows NT 6.1; WOW64) AppleWebKit/537.36 (KHTML, like Gecko) Chrome/32.0.1700.107 Safari/537.36"
66.249.73.135 - - [19/May/2015:10:05:56 +0000] "GET /blog/geekery/159.html HTTP/1.1" 200 9482 "-" "Mozilla/5.0 (compatible; Googlebot/2.1; +http://www.google.com/bot.html)"
70.210.13.207 - - [19/May/2015:10:05:27 +0000] "GET /presentations/logstash-scale11x/images/ahhh___rage_face_by_samusmmx-d5g5zap.png HTTP/1.1" 200 175208 "http://www.google.com/search?client=ms-android-verizon&biw=640&bih=360&site=webhp&tbm=isch&sa=1&ei=-t4BU8CnEMaIygHR3IDICQ&q=rageface&oq=rageface&gs_l=mobile-gws-serp.3..41j0j0i10j0l2.81967.95841.0.96405.30.17.0.1.1.3.227.1935.0j10j1.11.0.crnk_timecombined...0...1.1.35.mobile-gws-serp..21.9.1556.QS7ylsDy_7Q" "Mozilla/5.0 (Linux; U; Android 4.1.2; en-us; DROID4 Build/9.8.2O-72_VZW-18-8) AppleWebKit/534.30 (KHTML, like Gecko) Version/4.0 Mobile Safari/534.30"
50.16.19.13 - - [19/May/2015:10:05:31 +0000] "GET /blog/tags/puppet?flav=rss20 HTTP/1.1" 200 14872 "http://www.semicomplete.com/blog/tags/puppet?flav=rss20" "Tiny Tiny RSS/1.11 (http://tt-rss.org/)"
54.215.29.126 - - [19/May/2015:10:05:17 +0000] "GET /blog/tags/puppet?flav=rss20 HTTP/1.1" 200 14872 "-" "Digg Feed Fetcher 1.0 (Mozilla/5.0 (Macintosh; Intel Mac OS X 10_7_1) AppleWebKit/534.48.3 (KHTML, like Gecko) Version/5.1 Safari/534.48.3)"
46.105.14.53 - - [19/May/2015:10:05:07 +0000] "GET /blog/tags/puppet?flav=rss20 HTTP/1.1" 200 14872 "-" "UniversalFeedParser/4.2-pre-314-svn +http://feedparser.org/"
185.4.253.67 - - [18/May/2015:23:05:34 +0000] "GET /resume.xml HTTP/1.0" 200 25606 "-" "Mozilla/5.0 (Windows; U; Windows NT 6.1; en-US; rv:1.9.2) Gecko/20091014 Firefox/3.6 GTB5"
185.4.253.67 - - [18/May/2015:23:05:23 +0000] "GET /articles HTTP/1.0" 301 331 "-" "Mozilla/5.0 (Windows; U; Windows NT 6.1; en-US; rv:1.9.2) Gecko/20091014 Firefox/3.6 GTB5"
185.4.253.67 - - [18/May/2015:23:05:11 +0000] "GET /articles/ HTTP/1.0" 200 9981 "-" "Mozilla/5.0 (Windows; U; Windows NT 6.1; en-US; rv:1.9.2) Gecko/20091014 Firefox/3.6 GTB5"
185.4.253.67 - - [18/May/2015:23:05:57 +0000] "GET /articles/arp-security/ HTTP/1.0" 200 19735 "-" "Mozilla/5.0 (Windows; U; Windows NT 6.1; en-US; rv:1.9.2) Gecko/20091014 Firefox/3.6 GTB5"
185.4.253.67 - - [18/May/2015:23:05:45 +0000] "GET /articles/dynamic-dns-with-dhcp/ HTTP/1.0" 200 18848 "-" "Mozilla/5.0 (Windows; U; Windows NT 6.1; en-US; rv:1.9.2) Gecko/20091014 Firefox/3.6 GTB5"
